#
# There is insufficient memory for the Java Runtime Environment to continue.
# Native memory allocation (mmap) failed to map 103079215104 bytes. Error detail: committing reserved memory.
# Possible reasons:
#   The system is out of physical RAM or swap space
#   This process has exceeded the maximum number of memory mappings (check below
#     for `/proc/sys/vm/max_map_count` and `Total number of mappings`)
# Possible solutions:
#   Reduce memory load on the system
#   Increase physical memory or swap space
#   Check if swap backing store is full
#   Decrease Java heap size (-Xmx/-Xms)
#   Decrease number of Java threads
#   Decrease Java thread stack sizes (-Xss)
#   Set larger code cache with -XX:ReservedCodeCacheSize=
# This output file may be truncated or incomplete.
#
#  Out of Memory Error (os_linux.cpp:2852), pid=13220, tid=13226
#
# JRE version:  (21.0.12+8) (build )
# Java VM: OpenJDK 64-Bit Server VM (21.0.12+8-1-24.04-Ubuntu, mixed mode, sharing, tiered, compressed class ptrs, g1 gc, linux-amd64)
# Core dump will be written. Default location: Determined by the following: "/usr/lib/systemd/systemd-coredump %P %u %g %s %t 9223372036854775808 %h %d" (alternatively, falling back to /workspace/advanced_ooc_benchmarks/core.13220)
#

---------------  S U M M A R Y ------------

Command Line: -Xms96g -Xmx96g -XX:+UseG1GC -XX:G1HeapRegionSize=32m -XX:ActiveProcessorCount=64 --add-modules=jdk.incubator.vector -Djava.io.tmpdir=/bench/data/bench-results/20260911T133915.162632+0000/kmeans_memory-mem128-ooc-bs1000/java-tmp /opt/systemds/SystemDS.jar -f /workspace/advanced_ooc_benchmarks/kmeans/systemds.dml -exec singlenode -config /bench/data/bench-results/20260911T133915.162632+0000/kmeans_memory-mem128-ooc-bs1000/SystemDS-config.xml -ooc -oocStats -stats -args /bench/data/bench-data/dense-d32/systemds/X-bs1000 32 10 /bench/data/bench-results/20260911T133915.162632+0000/kmeans_memory-mem128-ooc-bs1000/outputs/systemds-centers-r1 /bench/data/bench-results/20260911T133915.162632+0000/kmeans_memory-mem128-ooc-bs1000/outputs/systemds-labels-r1

Host: Intel(R) Core(TM) Ultra 7 155H, 22 cores, 128G, Ubuntu 24.04.4 LTS
Time: Fri Sep 11 14:05:43 2026 UTC elapsed time: 0.044974 seconds (0d 0h 0m 0s)

---------------  T H R E A D  ---------------

Current thread (0x0000765d58019e20):  JavaThread "Unknown thread" [_thread_in_vm, id=13226, stack(0x0000765d5fb75000,0x0000765d5fc75000) (1024K)]

Stack: [0x0000765d5fb75000,0x0000765d5fc75000],  sp=0x0000765d5fc71570,  free space=1009k
Native frames: (J=compiled Java code, j=interpreted, Vv=VM code, C=native code)
V  [libjvm.so+0x102155d]  VMError::report_and_die(int, char const*, char const*, __va_list_tag*, Thread*, unsigned char*, void*, void*, char const*, int, unsigned long)+0x27d  (os_linux.cpp:2852)
V  [libjvm.so+0x1021fd1]
V  [libjvm.so+0x6b5bb1]
V  [libjvm.so+0xd0950d]  os::pd_commit_memory_or_exit(char*, unsigned long, unsigned long, bool, char const*)+0xdd
V  [libjvm.so+0xd022ef]  os::commit_memory_or_exit(char*, unsigned long, unsigned long, bool, char const*)+0x1f
V  [libjvm.so+0x81b3bb]  G1PageBasedVirtualSpace::commit(unsigned long, unsigned long)+0x5b
V  [libjvm.so+0x831a3b]  G1RegionsLargerThanCommitSizeMapper::commit_regions(unsigned int, unsigned long, WorkerThreads*)+0xab
V  [libjvm.so+0x8c286a]  HeapRegionManager::commit_regions(unsigned int, unsigned long, WorkerThreads*)+0x5a
V  [libjvm.so+0x8c450f]  HeapRegionManager::expand(unsigned int, unsigned int, WorkerThreads*)+0x2f
V  [libjvm.so+0x8c4725]  HeapRegionManager::expand_by(unsigned int, WorkerThreads*)+0x75
V  [libjvm.so+0x7d098c]  G1CollectedHeap::expand(unsigned long, WorkerThreads*, double*)+0xfc
V  [libjvm.so+0x7d0f29]  G1CollectedHeap::initialize()+0x549
V  [libjvm.so+0xfc4fc9]  universe_init()+0xd9
V  [libjvm.so+0x8e2a1a]  init_globals()+0x3a
V  [libjvm.so+0xfa3f30]  Threads::create_vm(JavaVMInitArgs*, bool*)+0x290
V  [libjvm.so+0x9bc6f3]  JNI_CreateJavaVM+0x53
C  [libjli.so+0x4673]  JavaMain+0x93
C  [libjli.so+0x849d]  ThreadJavaMain+0xd
C  [libc.so.6+0x9cb84]

---------------  P R O C E S S  ---------------

Threads class SMR info:
_java_thread_list=0x0000765d615601e0, length=0, elements={
}

Java Threads: ( => current thread )
Total: 0

Other Threads:
  0x0000765d5805e320 WorkerThread "GC Thread#0"                     [id=13227, stack(0x0000765d5c5aa000,0x0000765d5c6aa000) (1024K)]
  0x0000765d58077a60 ConcurrentGCThread "G1 Main Marker"            [id=13228, stack(0x0000765d5c4a9000,0x0000765d5c5a9000) (1024K)]
  0x0000765d58078a70 WorkerThread "G1 Conc#0"                       [id=13229, stack(0x0000765d5c3a8000,0x0000765d5c4a8000) (1024K)]

[error occurred during error reporting (printing all threads), id 0xb, SIGSEGV (0xb) at pc=0x0000765d607f5ec4]
VM state: not at safepoint (not fully initialized)

VM Mutex/Monitor currently owned by a thread:  ([mutex/lock_event])
[0x0000765d61539dd8] Heap_lock - owner thread: 0x0000765d58019e20

CDS archive(s) mapped at: [0x0000000000000000-0x0000000000000000-0x0000000000000000), size 0, SharedBaseAddress: 0x0000000800000000, ArchiveRelocationMode: 1.
Narrow klass base: 0x0000000000000000, Narrow klass shift: 0, Narrow klass range: 0x0

GC Precious Log:
 CardTable entry size: 512
 Card Set container configuration: InlinePtr #cards 3 size 8 Array Of Cards #cards 256 size 528 Howl #buckets 8 coarsen threshold 58982 Howl Bitmap #cards 8192 size 1040 coarsen threshold 7372 Card regions per heap region 1 cards per card region 65536

Heap:
 garbage-first heap   total 0K, used 0K [0x0000764540000000, 0x0000765d40000000)
  region size 32768K, 0 young (0K), 0 survivors (0K)

[error occurred during error reporting (printing heap information), id 0xb, SIGSEGV (0xb) at pc=0x0000765d60dbfe2e]
GC Heap History (0 events):
No events

Dll operation events (2 events):
Event: 0.019 Attempting to load shared library /usr/lib/jvm/java-21-openjdk-amd64/lib/libjava.so
Event: 0.020 Loaded shared library /usr/lib/jvm/java-21-openjdk-amd64/lib/libjava.so

Deoptimization events (0 events):
No events

Classes loaded (0 events):
No events

Classes unloaded (0 events):
No events

Classes redefined (0 events):
No events

Internal exceptions (0 events):
No events

ZGC Phase Switch (0 events):
No events

VM Operations (0 events):
No events

Memory protections (1 events):
Event: 0.017 Protecting memory [0x0000765d5fb75000,0x0000765d5fb79000] with protection modes 0

Nmethod flushes (0 events):
No events

Events (0 events):
No events


Dynamic libraries:
63ea399bd000-63ea399be000 r--p 00000000 00:31 23243543                   /usr/lib/jvm/java-21-openjdk-amd64/bin/java
63ea399be000-63ea399bf000 r-xp 00001000 00:31 23243543                   /usr/lib/jvm/java-21-openjdk-amd64/bin/java
63ea399bf000-63ea399c0000 r--p 00002000 00:31 23243543                   /usr/lib/jvm/java-21-openjdk-amd64/bin/java
63ea399c0000-63ea399c1000 r--p 00002000 00:31 23243543                   /usr/lib/jvm/java-21-openjdk-amd64/bin/java
63ea399c1000-63ea399c2000 rw-p 00003000 00:31 23243543                   /usr/lib/jvm/java-21-openjdk-amd64/bin/java
63ea5211a000-63ea52162000 rw-p 00000000 00:00 0                          [heap]
7644b7a99000-7644b8021000 rw-p 00000000 00:00 0 
7644b8021000-7644bc000000 ---p 00000000 00:00 0 
7644bc0e1000-7644c0021000 rw-p 00000000 00:00 0 
7644c0021000-7644c4000000 ---p 00000000 00:00 0 
7644c4000000-7644c4021000 rw-p 00000000 00:00 0 
7644c4021000-7644c8000000 ---p 00000000 00:00 0 
7644c8000000-764540000000 ---p 00000000 00:00 0 
764540000000-765d40000000 ---p 00000000 00:00 0 
765d400f9000-765d40800000 rw-p 00000000 00:00 0 
765d40800000-765d40a70000 rwxp 00000000 00:00 0 
765d40a70000-765d47bcf000 ---p 00000000 00:00 0 
765d47bcf000-765d47e3f000 rwxp 00000000 00:00 0 
765d47e3f000-765d48430000 ---p 00000000 00:00 0 
765d48430000-765d486a0000 rwxp 00000000 00:00 0 
765d486a0000-765d4f800000 ---p 00000000 00:00 0 
765d4f8ac000-765d4f9ad000 rw-p 00000000 00:00 0 
765d4f9ad000-765d58000000 r--s 00000000 00:31 23243885                   /usr/lib/jvm/java-21-openjdk-amd64/lib/modules
765d58000000-765d5815b000 rw-p 00000000 00:00 0 
765d5815b000-765d5c000000 ---p 00000000 00:00 0 
765d5c0a4000-765d5c3a7000 rw-p 00000000 00:00 0 
765d5c3a7000-765d5c3a8000 ---p 00000000 00:00 0 
765d5c3a8000-765d5c4a8000 rw-p 00000000 00:00 0 
765d5c4a8000-765d5c4a9000 ---p 00000000 00:00 0 
765d5c4a9000-765d5c5a9000 rw-p 00000000 00:00 0 
765d5c5a9000-765d5c5aa000 ---p 00000000 00:00 0 
765d5c5aa000-765d5c6aa000 rw-p 00000000 00:00 0 
765d5c6aa000-765d5f963000 rw-p 00000000 00:00 0 
765d5f963000-765d5fa46000 ---p 00000000 00:00 0 
765d5fa46000-765d5fa4b000 rw-p 00000000 00:00 0 
765d5fa4b000-765d5fb2e000 ---p 00000000 00:00 0 
765d5fb2e000-765d5fb33000 rw-p 00000000 00:00 0 
765d5fb33000-765d5fb3f000 ---p 00000000 00:00 0 
765d5fb3f000-765d5fb4c000 r--p 00000000 00:31 23243862                   /usr/lib/jvm/java-21-openjdk-amd64/lib/libjava.so
765d5fb4c000-765d5fb5b000 r-xp 0000d000 00:31 23243862                   /usr/lib/jvm/java-21-openjdk-amd64/lib/libjava.so
765d5fb5b000-765d5fb60000 r--p 0001c000 00:31 23243862                   /usr/lib/jvm/java-21-openjdk-amd64/lib/libjava.so
765d5fb60000-765d5fb61000 r--p 00021000 00:31 23243862                   /usr/lib/jvm/java-21-openjdk-amd64/lib/libjava.so
765d5fb61000-765d5fb62000 rw-p 00022000 00:31 23243862                   /usr/lib/jvm/java-21-openjdk-amd64/lib/libjava.so
765d5fb62000-765d5fb63000 rw-p 00000000 00:00 0 
765d5fb63000-765d5fb6b000 rw-s 00000000 00:31 23599204                   /tmp/hsperfdata_bench/13220
765d5fb6b000-765d5fb6c000 ---p 00000000 00:00 0 
765d5fb6c000-765d5fb6d000 r--p 00000000 00:00 0 
765d5fb6d000-765d5fb6f000 r--p 00000000 00:31 23243865                   /usr/lib/jvm/java-21-openjdk-amd64/lib/libjimage.so
765d5fb6f000-765d5fb72000 r-xp 00002000 00:31 23243865                   /usr/lib/jvm/java-21-openjdk-amd64/lib/libjimage.so
765d5fb72000-765d5fb73000 r--p 00005000 00:31 23243865                   /usr/lib/jvm/java-21-openjdk-amd64/lib/libjimage.so
765d5fb73000-765d5fb74000 r--p 00006000 00:31 23243865                   /usr/lib/jvm/java-21-openjdk-amd64/lib/libjimage.so
765d5fb74000-765d5fb75000 rw-p 00007000 00:31 23243865                   /usr/lib/jvm/java-21-openjdk-amd64/lib/libjimage.so
765d5fb75000-765d5fb79000 ---p 00000000 00:00 0 
765d5fb79000-765d5fc75000 rw-p 00000000 00:00 0 
765d5fc75000-765d5fc79000 r--p 00000000 00:31 16395731                   /usr/lib/x86_64-linux-gnu/libgcc_s.so.1
765d5fc79000-765d5fc9d000 r-xp 00004000 00:31 16395731                   /usr/lib/x86_64-linux-gnu/libgcc_s.so.1
765d5fc9d000-765d5fca1000 r--p 00028000 00:31 16395731                   /usr/lib/x86_64-linux-gnu/libgcc_s.so.1
765d5fca1000-765d5fca2000 r--p 0002b000 00:31 16395731                   /usr/lib/x86_64-linux-gnu/libgcc_s.so.1
765d5fca2000-765d5fca3000 rw-p 0002c000 00:31 16395731                   /usr/lib/x86_64-linux-gnu/libgcc_s.so.1
765d5fca3000-765d5fcb3000 r--p 00000000 00:31 16395898                   /usr/lib/x86_64-linux-gnu/libm.so.6
765d5fcb3000-765d5fd32000 r-xp 00010000 00:31 16395898                   /usr/lib/x86_64-linux-gnu/libm.so.6
765d5fd32000-765d5fd8a000 r--p 0008f000 00:31 16395898                   /usr/lib/x86_64-linux-gnu/libm.so.6
765d5fd8a000-765d5fd8b000 r--p 000e7000 00:31 16395898                   /usr/lib/x86_64-linux-gnu/libm.so.6
765d5fd8b000-765d5fd8c000 rw-p 000e8000 00:31 16395898                   /usr/lib/x86_64-linux-gnu/libm.so.6
765d5fd8c000-765d5fe29000 r--p 00000000 00:31 16421414                   /usr/lib/x86_64-linux-gnu/libstdc++.so.6.0.33
765d5fe29000-765d5ff71000 r-xp 0009d000 00:31 16421414                   /usr/lib/x86_64-linux-gnu/libstdc++.so.6.0.33
765d5ff71000-765d5fff8000 r--p 001e5000 00:31 16421414                   /usr/lib/x86_64-linux-gnu/libstdc++.so.6.0.33
765d5fff8000-765d60003000 r--p 0026b000 00:31 16421414                   /usr/lib/x86_64-linux-gnu/libstdc++.so.6.0.33
765d60003000-765d60006000 rw-p 00276000 00:31 16421414                   /usr/lib/x86_64-linux-gnu/libstdc++.so.6.0.33
765d60006000-765d6000a000 rw-p 00000000 00:00 0 
765d6000a000-765d602ad000 r--p 00000000 00:31 23243897                   /usr/lib/jvm/java-21-openjdk-amd64/lib/server/libjvm.so
765d602ad000-765d61129000 r-xp 002a3000 00:31 23243897                   /usr/lib/jvm/java-21-openjdk-amd64/lib/server/libjvm.so
765d61129000-765d61404000 r--p 0111f000 00:31 23243897                   /usr/lib/jvm/java-21-openjdk-amd64/lib/server/libjvm.so
765d61404000-765d614d8000 r--p 013f9000 00:31 23243897                   /usr/lib/jvm/java-21-openjdk-amd64/lib/server/libjvm.so
765d614d8000-765d61508000 rw-p 014cd000 00:31 23243897                   /usr/lib/jvm/java-21-openjdk-amd64/lib/server/libjvm.so
765d61508000-765d61570000 rw-p 00000000 00:00 0 
765d61570000-765d61598000 r--p 00000000 00:31 16395516                   /usr/lib/x86_64-linux-gnu/libc.so.6
765d61598000-765d61720000 r-xp 00028000 00:31 16395516                   /usr/lib/x86_64-linux-gnu/libc.so.6
765d61720000-765d6176f000 r--p 001b0000 00:31 16395516                   /usr/lib/x86_64-linux-gnu/libc.so.6
765d6176f000-765d61773000 r--p 001fe000 00:31 16395516                   /usr/lib/x86_64-linux-gnu/libc.so.6
765d61773000-765d61775000 rw-p 00202000 00:31 16395516                   /usr/lib/x86_64-linux-gnu/libc.so.6
765d61775000-765d61782000 rw-p 00000000 00:00 0 
765d61782000-765d61784000 r--p 00000000 00:31 23243866                   /usr/lib/jvm/java-21-openjdk-amd64/lib/libjli.so
765d61784000-765d6178e000 r-xp 00002000 00:31 23243866                   /usr/lib/jvm/java-21-openjdk-amd64/lib/libjli.so
765d6178e000-765d61791000 r--p 0000c000 00:31 23243866                   /usr/lib/jvm/java-21-openjdk-amd64/lib/libjli.so
765d61791000-765d61792000 r--p 0000f000 00:31 23243866                   /usr/lib/jvm/java-21-openjdk-amd64/lib/libjli.so
765d61792000-765d61793000 rw-p 00010000 00:31 23243866                   /usr/lib/jvm/java-21-openjdk-amd64/lib/libjli.so
765d61793000-765d61795000 r--p 00000000 00:31 16422354                   /usr/lib/x86_64-linux-gnu/libz.so.1.3
765d61795000-765d617a7000 r-xp 00002000 00:31 16422354                   /usr/lib/x86_64-linux-gnu/libz.so.1.3
765d617a7000-765d617ad000 r--p 00014000 00:31 16422354                   /usr/lib/x86_64-linux-gnu/libz.so.1.3
765d617ad000-765d617ae000 r--p 0001a000 00:31 16422354                   /usr/lib/x86_64-linux-gnu/libz.so.1.3
765d617ae000-765d617af000 rw-p 0001b000 00:31 16422354                   /usr/lib/x86_64-linux-gnu/libz.so.1.3
765d617b0000-765d617b1000 ---p 00000000 00:00 0 
765d617b1000-765d617b3000 rw-p 00000000 00:00 0 
765d617b3000-765d617b7000 r--p 00000000 00:00 0                          [vvar]
765d617b7000-765d617b9000 r--p 00000000 00:00 0                          [vvar_vclock]
765d617b9000-765d617bb000 r-xp 00000000 00:00 0                          [vdso]
765d617bb000-765d617bc000 r--p 00000000 00:31 16395345                   /usr/lib/x86_64-linux-gnu/ld-linux-x86-64.so.2
765d617bc000-765d617e7000 r-xp 00001000 00:31 16395345                   /usr/lib/x86_64-linux-gnu/ld-linux-x86-64.so.2
765d617e7000-765d617f1000 r--p 0002c000 00:31 16395345                   /usr/lib/x86_64-linux-gnu/ld-linux-x86-64.so.2
765d617f1000-765d617f3000 r--p 00036000 00:31 16395345                   /usr/lib/x86_64-linux-gnu/ld-linux-x86-64.so.2
765d617f3000-765d617f5000 rw-p 00038000 00:31 16395345                   /usr/lib/x86_64-linux-gnu/ld-linux-x86-64.so.2
7ffcaafc8000-7ffcaafe9000 rw-p 00000000 00:00 0                          [stack]
ffffffffff600000-ffffffffff601000 --xp 00000000 00:00 0                  [vsyscall]
Total number of mappings: 104

JVMTI agents: none


VM Arguments:
jvm_args: -Xms96g -Xmx96g -XX:+UseG1GC -XX:G1HeapRegionSize=32m -XX:ActiveProcessorCount=64 --add-modules=jdk.incubator.vector -Djava.io.tmpdir=/bench/data/bench-results/20260911T133915.162632+0000/kmeans_memory-mem128-ooc-bs1000/java-tmp 
java_command: /opt/systemds/SystemDS.jar -f /workspace/advanced_ooc_benchmarks/kmeans/systemds.dml -exec singlenode -config /bench/data/bench-results/20260911T133915.162632+0000/kmeans_memory-mem128-ooc-bs1000/SystemDS-config.xml -ooc -oocStats -stats -args /bench/data/bench-data/dense-d32/systemds/X-bs1000 32 10 /bench/data/bench-results/20260911T133915.162632+0000/kmeans_memory-mem128-ooc-bs1000/outputs/systemds-centers-r1 /bench/data/bench-results/20260911T133915.162632+0000/kmeans_memory-mem128-ooc-bs1000/outputs/systemds-labels-r1
java_class_path (initial): /opt/systemds/SystemDS.jar
Launcher Type: SUN_STANDARD

[Global flags]
      int ActiveProcessorCount                     = 64                                        {product} {command line}
     intx CICompilerCount                          = 18                                        {product} {ergonomic}
     uint ConcGCThreads                            = 11                                        {product} {ergonomic}
     uint G1ConcRefinementThreads                  = 43                                        {product} {ergonomic}
   size_t G1HeapRegionSize                         = 33554432                                  {product} {command line}
    uintx GCDrainStackTargetSize                   = 64                                        {product} {ergonomic}
   size_t InitialHeapSize                          = 103079215104                              {product} {command line}
   size_t MarkStackSize                            = 4194304                                   {product} {ergonomic}
   size_t MaxHeapSize                              = 103079215104                              {product} {command line}
   size_t MinHeapDeltaBytes                        = 33554432                                  {product} {ergonomic}
   size_t MinHeapSize                              = 103079215104                              {product} {command line}
    uintx NonNMethodCodeHeapSize                   = 8782280                                {pd product} {ergonomic}
    uintx NonProfiledCodeHeapSize                  = 121437980                              {pd product} {ergonomic}
    uintx ProfiledCodeHeapSize                     = 121437980                              {pd product} {ergonomic}
    uintx ReservedCodeCacheSize                    = 251658240                              {pd product} {ergonomic}
     bool SegmentedCodeCache                       = true                                      {product} {ergonomic}
   size_t SoftMaxHeapSize                          = 103079215104                           {manageable} {ergonomic}
     bool UseG1GC                                  = true                                      {product} {command line}

Logging:
Log output configuration:
 #0: stdout all=warning uptime,level,tags foldmultilines=false
 #1: stderr all=off uptime,level,tags foldmultilines=false

Release file:
<release file has not been read>
Environment Variables:
JAVA_HOME=/usr/lib/jvm/java-21-openjdk-amd64
PATH=/usr/local/sbin:/usr/local/bin:/usr/sbin:/usr/bin:/sbin:/bin
LANG=C.UTF-8

Active Locale:
LC_ALL=C
LC_COLLATE=C
LC_CTYPE=C
LC_MESSAGES=C
LC_MONETARY=C
LC_NUMERIC=C
LC_TIME=C

Signal Handlers:
   SIGSEGV: crash_handler in libjvm.so, mask=11100100010111111101111111111110, flags=SA_RESTART|SA_SIGINFO, unblocked
    SIGBUS: crash_handler in libjvm.so, mask=11100100010111111101111111111110, flags=SA_RESTART|SA_SIGINFO, unblocked
    SIGFPE: crash_handler in libjvm.so, mask=11100100010111111101111111111110, flags=SA_RESTART|SA_SIGINFO, unblocked
   SIGPIPE: javaSignalHandler in libjvm.so, mask=11100100010111111101111111111110, flags=SA_RESTART|SA_SIGINFO, blocked
   SIGXFSZ: javaSignalHandler in libjvm.so, mask=11100100010111111101111111111110, flags=SA_RESTART|SA_SIGINFO, blocked
    SIGILL: crash_handler in libjvm.so, mask=11100100010111111101111111111110, flags=SA_RESTART|SA_SIGINFO, unblocked
   SIGUSR2: SR_handler in libjvm.so, mask=00000000000000000000000000000000, flags=SA_RESTART|SA_SIGINFO, blocked
    SIGHUP: SIG_DFL, mask=00000000000000000000000000000000, flags=none, blocked
    SIGINT: SIG_DFL, mask=00000000000000000000000000000000, flags=none, blocked
   SIGTERM: SIG_DFL, mask=00000000000000000000000000000000, flags=none, blocked
   SIGQUIT: UserHandler in libjvm.so, mask=11100100010111111101111111111110, flags=SA_RESTART|SA_SIGINFO, blocked
   SIGTRAP: crash_handler in libjvm.so, mask=11100100010111111101111111111110, flags=SA_RESTART|SA_SIGINFO, unblocked


Periodic native trim disabled

---------------  S Y S T E M  ---------------

OS:
DISTRIB_ID=Ubuntu
DISTRIB_RELEASE=24.04
DISTRIB_CODENAME=noble
DISTRIB_DESCRIPTION="Ubuntu 24.04.4 LTS"
uname: Linux 7.0.0-31-generic #31~24.04.1-Ubuntu SMP PREEMPT_DYNAMIC Mon Aug 10 09:38:02 UTC 2 x86_64
OS uptime: 0 days 5:13 hours
libc: glibc 2.39 NPTL 2.39 
rlimit (soft/hard): STACK 8192k/infinity , CORE infinity/infinity , NPROC infinity/infinity , NOFILE 524288/524288 , AS infinity/infinity , CPU infinity/infinity , DATA infinity/infinity , FSIZE infinity/infinity , MEMLOCK 8192k/8192k
load average: 12.53 20.18 16.62

/proc/meminfo:
MemTotal:       32344084 kB
MemFree:        19937844 kB
MemAvailable:   21745632 kB
Buffers:            5392 kB
Cached:          3411584 kB
SwapCached:        84100 kB
Active:          5160920 kB
Inactive:        4517380 kB
Active(anon):    4725404 kB
Inactive(anon):  2855452 kB
Active(file):     435516 kB
Inactive(file):  1661928 kB
Unevictable:       98724 kB
Mlocked:              88 kB
SwapTotal:       8388604 kB
SwapFree:        3208052 kB
Zswap:                 0 kB
Zswapped:              0 kB
Dirty:              1292 kB
Writeback:             0 kB
AnonPages:       6282724 kB
Mapped:           749580 kB
Shmem:           1360512 kB
KReclaimable:     178520 kB
Slab:             641000 kB
SReclaimable:     178520 kB
SUnreclaim:       462480 kB
KernelStack:       45264 kB
PageTables:       136780 kB
SecPageTables:      9288 kB
NFS_Unstable:          0 kB
Bounce:                0 kB
WritebackTmp:          0 kB
CommitLimit:    24560644 kB
Committed_AS:   54158220 kB
VmallocTotal:   34359738367 kB
VmallocUsed:      151492 kB
VmallocChunk:          0 kB
Percpu:            32928 kB
HardwareCorrupted:     0 kB
AnonHugePages:    667648 kB
ShmemHugePages:   880640 kB
ShmemPmdMapped:        0 kB
FileHugePages:         0 kB
FilePmdMapped:         0 kB
CmaTotal:              0 kB
CmaFree:         2009488 kB
Unaccepted:            0 kB
Balloon:               0 kB
HugePages_Total:       0
HugePages_Free:        0
HugePages_Rsvd:        0
HugePages_Surp:        0
Hugepagesize:       2048 kB
Hugetlb:               0 kB
DirectMap4k:      857280 kB
DirectMap2M:     7012352 kB
DirectMap1G:    25165824 kB

/sys/kernel/mm/transparent_hugepage/enabled: always [madvise] never
/sys/kernel/mm/transparent_hugepage/hpage_pmd_size: 2097152
/sys/kernel/mm/transparent_hugepage/defrag (defrag/compaction efforts parameter): always defer defer+madvise [madvise] never

Process Memory:
Virtual Size: 103443068K (peak: 103443068K)
Resident Set Size: 24588K (peak: 24588K) (anon: 11100K, file: 13488K, shmem: 0K)
Swapped out: 0K
C-Heap outstanding allocations: 98251K, retained: 600K
glibc malloc tunables: (default)

/proc/sys/kernel/threads-max (system-wide limit on the number of threads): 229379
/proc/sys/vm/max_map_count (maximum number of memory map areas a process may have): 1048576
/proc/sys/vm/swappiness (control to define how aggressively the kernel swaps out anonymous memory): 60
/proc/sys/kernel/pid_max (system-wide limit on number of process identifiers): 4194304

container (cgroup) information:
container_type: cgroupv2
cpu_cpuset_cpus: not supported
cpu_memory_nodes: not supported
active_processor_count: 22, but overridden by -XX:ActiveProcessorCount 64
cpu_quota: not supported
cpu_period: not supported
cpu_shares: not supported
cpu_usage_in_micros: 65385
memory_limit_in_bytes: 134217728 k
memory_and_swap_limit_in_bytes: 134217728 k
memory_soft_limit_in_bytes: 0
memory_throttle_limit_in_bytes: unlimited
memory_usage_in_bytes: 41820 k
memory_max_usage_in_bytes: 41992 k
rss_usage_in_bytes: 11980 k
cache_usage_in_bytes: 26264 k
memory_swap_current_in_bytes: 0
memory_swap_max_limit_in_bytes: 0
maximum number of tasks: unlimited
current number of tasks: 10

Steal ticks since vm start: 0
Steal ticks percentage since vm start:  0.000

CPU: total 22 (initial active 64) (11 cores per cpu, 2 threads per core) family 6 model 170 stepping 4 microcode 0x28, cx8, cmov, fxsr, ht, mmx, 3dnowpref, sse, sse2, sse3, ssse3, sse4.1, sse4.2, popcnt, lzcnt, tsc, tscinvbit, avx, avx2, aes, erms, clmul, bmi1, bmi2, adx, sha, fma, vzeroupper, clflush, clflushopt, clwb, serialize, rdtscp, rdpid, fsrm, f16c, pku, ospke, cet_ibt, cet_ss
CPU Model and flags from /proc/cpuinfo:
model name	: Intel(R) Core(TM) Ultra 7 155H
flags		: fpu vme de pse tsc msr pae mce cx8 apic sep mtrr pge mca cmov pat pse36 clflush dts acpi mmx fxsr sse sse2 ss ht tm pbe syscall nx pdpe1gb rdtscp lm constant_tsc art arch_perfmon pebs bts rep_good nopl xtopology nonstop_tsc cpuid aperfmperf tsc_known_freq pni pclmulqdq dtes64 monitor ds_cpl vmx smx est tm2 ssse3 sdbg fma cx16 xtpr pdcm pcid sse4_1 sse4_2 x2apic movbe popcnt tsc_deadline_timer aes xsave avx f16c rdrand lahf_lm abm 3dnowprefetch cpuid_fault epb ssbd ibrs ibpb stibp ibrs_enhanced tpr_shadow flexpriority ept vpid ept_ad fsgsbase tsc_adjust bmi1 avx2 smep bmi2 erms invpcid rdseed adx smap clflushopt clwb intel_pt sha_ni xsaveopt xsavec xgetbv1 xsaves split_lock_detect user_shstk avx_vnni dtherm ida arat pln pts hwp hwp_notify hwp_act_window hwp_epp hwp_pkg_req hfi vnmi umip pku ospke waitpkg gfni vaes vpclmulqdq rdpid bus_lock_detect movdiri movdir64b fsrm md_clear serialize arch_lbr ibt flush_l1d arch_capabilities

Online cpus: 0-21
Offline cpus: 
BIOS frequency limitation: <Not Available>
Frequency switch latency (ns): 0
Available cpu frequencies: <Not Available>
Current governor: powersave
Core performance/turbo boost: <Not Available>

Memory: 4k page, physical 134217728k(134175928k free), swap 8388604k(3208052k free)
Page Sizes: 4k

vm_info: OpenJDK 64-Bit Server VM (21.0.12+8-1-24.04-Ubuntu) for linux-amd64 JRE (21.0.12+8-1-24.04-Ubuntu), built on 2026-07-23T13:39:58Z by "buildd" with gcc 13.3.0

END.
