#
# There is insufficient memory for the Java Runtime Environment to continue.
# Native memory allocation (mmap) failed to map 103079215104 bytes. Error detail: committing reserved memory.
# Possible reasons:
#   The system is out of physical RAM or swap space
#   This process has exceeded the maximum number of memory mappings (check below
#     for `/proc/sys/vm/max_map_count` and `Total number of mappings`)
# Possible solutions:
#   Reduce memory load on the system
#   Increase physical memory or swap space
#   Check if swap backing store is full
#   Decrease Java heap size (-Xmx/-Xms)
#   Decrease number of Java threads
#   Decrease Java thread stack sizes (-Xss)
#   Set larger code cache with -XX:ReservedCodeCacheSize=
# This output file may be truncated or incomplete.
#
#  Out of Memory Error (os_linux.cpp:2852), pid=12158, tid=12164
#
# JRE version:  (21.0.12+8) (build )
# Java VM: OpenJDK 64-Bit Server VM (21.0.12+8-1-24.04-Ubuntu, mixed mode, sharing, tiered, compressed class ptrs, g1 gc, linux-amd64)
# Core dump will be written. Default location: Determined by the following: "/usr/lib/systemd/systemd-coredump %P %u %g %s %t 9223372036854775808 %h %d" (alternatively, falling back to /workspace/advanced_ooc_benchmarks/core.12158)
#

---------------  S U M M A R Y ------------

Command Line: -Xms96g -Xmx96g -XX:+UseG1GC -XX:G1HeapRegionSize=32m -XX:ActiveProcessorCount=64 --add-modules=jdk.incubator.vector -Djava.io.tmpdir=/bench/data/bench-results/20260911T133915.162632+0000/lmcg_memory-mem128-ooc-bs1000/java-tmp /opt/systemds/SystemDS.jar -f /workspace/advanced_ooc_benchmarks/lmcg/systemds.dml -exec singlenode -config /bench/data/bench-results/20260911T133915.162632+0000/lmcg_memory-mem128-ooc-bs1000/SystemDS-config.xml -ooc -oocStats -stats -args /bench/data/bench-data/dense-d32/systemds/X-bs1000 /bench/data/bench-data/dense-d32/systemds/binary_y-bs1000 1e-7 10 0.0 /bench/data/bench-results/20260911T133915.162632+0000/lmcg_memory-mem128-ooc-bs1000/outputs/systemds-beta-r1

Host: Intel(R) Core(TM) Ultra 7 155H, 22 cores, 128G, Ubuntu 24.04.4 LTS
Time: Fri Sep 11 14:02:57 2026 UTC elapsed time: 0.017266 seconds (0d 0h 0m 0s)

---------------  T H R E A D  ---------------

Current thread (0x0000798a88019da0):  JavaThread "Unknown thread" [_thread_in_vm, id=12164, stack(0x0000798a8cdcd000,0x0000798a8cecd000) (1024K)]

Stack: [0x0000798a8cdcd000,0x0000798a8cecd000],  sp=0x0000798a8cec9570,  free space=1009k
Native frames: (J=compiled Java code, j=interpreted, Vv=VM code, C=native code)
V  [libjvm.so+0x102155d]  VMError::report_and_die(int, char const*, char const*, __va_list_tag*, Thread*, unsigned char*, void*, void*, char const*, int, unsigned long)+0x27d  (os_linux.cpp:2852)
V  [libjvm.so+0x1021fd1]
V  [libjvm.so+0x6b5bb1]
V  [libjvm.so+0xd0950d]  os::pd_commit_memory_or_exit(char*, unsigned long, unsigned long, bool, char const*)+0xdd
V  [libjvm.so+0xd022ef]  os::commit_memory_or_exit(char*, unsigned long, unsigned long, bool, char const*)+0x1f
V  [libjvm.so+0x81b3bb]  G1PageBasedVirtualSpace::commit(unsigned long, unsigned long)+0x5b
V  [libjvm.so+0x831a3b]  G1RegionsLargerThanCommitSizeMapper::commit_regions(unsigned int, unsigned long, WorkerThreads*)+0xab
V  [libjvm.so+0x8c286a]  HeapRegionManager::commit_regions(unsigned int, unsigned long, WorkerThreads*)+0x5a
V  [libjvm.so+0x8c450f]  HeapRegionManager::expand(unsigned int, unsigned int, WorkerThreads*)+0x2f
V  [libjvm.so+0x8c4725]  HeapRegionManager::expand_by(unsigned int, WorkerThreads*)+0x75
V  [libjvm.so+0x7d098c]  G1CollectedHeap::expand(unsigned long, WorkerThreads*, double*)+0xfc
V  [libjvm.so+0x7d0f29]  G1CollectedHeap::initialize()+0x549
V  [libjvm.so+0xfc4fc9]  universe_init()+0xd9
V  [libjvm.so+0x8e2a1a]  init_globals()+0x3a
V  [libjvm.so+0xfa3f30]  Threads::create_vm(JavaVMInitArgs*, bool*)+0x290
V  [libjvm.so+0x9bc6f3]  JNI_CreateJavaVM+0x53
C  [libjli.so+0x4673]  JavaMain+0x93
C  [libjli.so+0x849d]  ThreadJavaMain+0xd
C  [libc.so.6+0x9cb84]

---------------  P R O C E S S  ---------------

Threads class SMR info:
_java_thread_list=0x0000798a8e7b81e0, length=0, elements={
}

Java Threads: ( => current thread )
Total: 0

Other Threads:
  0x0000798a8805e2a0 WorkerThread "GC Thread#0"                     [id=12165, stack(0x0000798a6e058000,0x0000798a6e158000) (1024K)]
  0x0000798a880779e0 ConcurrentGCThread "G1 Main Marker"            [id=12166, stack(0x00007971f5f00000,0x00007971f6000000) (1024K)]
  0x0000798a880789f0 WorkerThread "G1 Conc#0"                       [id=12167, stack(0x00007971f5dff000,0x00007971f5eff000) (1024K)]

[error occurred during error reporting (printing all threads), id 0xb, SIGSEGV (0xb) at pc=0x0000798a8da4dec4]
VM state: not at safepoint (not fully initialized)

VM Mutex/Monitor currently owned by a thread:  ([mutex/lock_event])
[0x0000798a8e791dd8] Heap_lock - owner thread: 0x0000798a88019da0

CDS archive(s) mapped at: [0x0000000000000000-0x0000000000000000-0x0000000000000000), size 0, SharedBaseAddress: 0x0000000800000000, ArchiveRelocationMode: 1.
Narrow klass base: 0x0000000000000000, Narrow klass shift: 0, Narrow klass range: 0x0

GC Precious Log:
 CardTable entry size: 512
 Card Set container configuration: InlinePtr #cards 3 size 8 Array Of Cards #cards 256 size 528 Howl #buckets 8 coarsen threshold 58982 Howl Bitmap #cards 8192 size 1040 coarsen threshold 7372 Card regions per heap region 1 cards per card region 65536

Heap:
 garbage-first heap   total 0K, used 0K [0x000079726e000000, 0x0000798a6e000000)
  region size 32768K, 0 young (0K), 0 survivors (0K)

[error occurred during error reporting (printing heap information), id 0xb, SIGSEGV (0xb) at pc=0x0000798a8e017e2e]
GC Heap History (0 events):
No events

Dll operation events (2 events):
Event: 0.008 Attempting to load shared library /usr/lib/jvm/java-21-openjdk-amd64/lib/libjava.so
Event: 0.009 Loaded shared library /usr/lib/jvm/java-21-openjdk-amd64/lib/libjava.so

Deoptimization events (0 events):
No events

Classes loaded (0 events):
No events

Classes unloaded (0 events):
No events

Classes redefined (0 events):
No events

Internal exceptions (0 events):
No events

ZGC Phase Switch (0 events):
No events

VM Operations (0 events):
No events

Memory protections (1 events):
Event: 0.007 Protecting memory [0x0000798a8cdcd000,0x0000798a8cdd1000] with protection modes 0

Nmethod flushes (0 events):
No events

Events (0 events):
No events


Dynamic libraries:
5578a4b0c000-5578a4b0d000 r--p 00000000 00:31 23243543                   /usr/lib/jvm/java-21-openjdk-amd64/bin/java
5578a4b0d000-5578a4b0e000 r-xp 00001000 00:31 23243543                   /usr/lib/jvm/java-21-openjdk-amd64/bin/java
5578a4b0e000-5578a4b0f000 r--p 00002000 00:31 23243543                   /usr/lib/jvm/java-21-openjdk-amd64/bin/java
5578a4b0f000-5578a4b10000 r--p 00002000 00:31 23243543                   /usr/lib/jvm/java-21-openjdk-amd64/bin/java
5578a4b10000-5578a4b11000 rw-p 00003000 00:31 23243543                   /usr/lib/jvm/java-21-openjdk-amd64/bin/java
5578c0bb8000-5578c0c00000 rw-p 00000000 00:00 0                          [heap]
7971e4d8c000-7971e8021000 rw-p 00000000 00:00 0 
7971e8021000-7971ec000000 ---p 00000000 00:00 0 
7971ec000000-7971ec021000 rw-p 00000000 00:00 0 
7971ec021000-7971f0000000 ---p 00000000 00:00 0 
7971f0000000-7971f0021000 rw-p 00000000 00:00 0 
7971f0021000-7971f4000000 ---p 00000000 00:00 0 
7971f40e1000-7971f5dfe000 rw-p 00000000 00:00 0 
7971f5dfe000-7971f5dff000 ---p 00000000 00:00 0 
7971f5dff000-7971f5eff000 rw-p 00000000 00:00 0 
7971f5eff000-7971f5f00000 ---p 00000000 00:00 0 
7971f5f00000-7971f6000000 rw-p 00000000 00:00 0 
7971f6000000-79726e000000 ---p 00000000 00:00 0 
79726e000000-798a6e000000 ---p 00000000 00:00 0 
798a6e057000-798a6e058000 ---p 00000000 00:00 0 
798a6e058000-798a6e158000 rw-p 00000000 00:00 0 
798a6e158000-798a70800000 rw-p 00000000 00:00 0 
798a70800000-798a70a70000 rwxp 00000000 00:00 0 
798a70a70000-798a77bcf000 ---p 00000000 00:00 0 
798a77bcf000-798a77e3f000 rwxp 00000000 00:00 0 
798a77e3f000-798a78430000 ---p 00000000 00:00 0 
798a78430000-798a786a0000 rwxp 00000000 00:00 0 
798a786a0000-798a7f800000 ---p 00000000 00:00 0 
798a7f8ac000-798a7f9ad000 rw-p 00000000 00:00 0 
798a7f9ad000-798a88000000 r--s 00000000 00:31 23243885                   /usr/lib/jvm/java-21-openjdk-amd64/lib/modules
798a88000000-798a8815b000 rw-p 00000000 00:00 0 
798a8815b000-798a8c000000 ---p 00000000 00:00 0 
798a8c0ab000-798a8cbbb000 rw-p 00000000 00:00 0 
798a8cbbb000-798a8cc9e000 ---p 00000000 00:00 0 
798a8cc9e000-798a8cca3000 rw-p 00000000 00:00 0 
798a8cca3000-798a8cd86000 ---p 00000000 00:00 0 
798a8cd86000-798a8cd8b000 rw-p 00000000 00:00 0 
798a8cd8b000-798a8cd97000 ---p 00000000 00:00 0 
798a8cd97000-798a8cda4000 r--p 00000000 00:31 23243862                   /usr/lib/jvm/java-21-openjdk-amd64/lib/libjava.so
798a8cda4000-798a8cdb3000 r-xp 0000d000 00:31 23243862                   /usr/lib/jvm/java-21-openjdk-amd64/lib/libjava.so
798a8cdb3000-798a8cdb8000 r--p 0001c000 00:31 23243862                   /usr/lib/jvm/java-21-openjdk-amd64/lib/libjava.so
798a8cdb8000-798a8cdb9000 r--p 00021000 00:31 23243862                   /usr/lib/jvm/java-21-openjdk-amd64/lib/libjava.so
798a8cdb9000-798a8cdba000 rw-p 00022000 00:31 23243862                   /usr/lib/jvm/java-21-openjdk-amd64/lib/libjava.so
798a8cdba000-798a8cdbb000 rw-p 00000000 00:00 0 
798a8cdbb000-798a8cdc3000 rw-s 00000000 00:31 23599204                   /tmp/hsperfdata_bench/12158
798a8cdc3000-798a8cdc4000 ---p 00000000 00:00 0 
798a8cdc4000-798a8cdc5000 r--p 00000000 00:00 0 
798a8cdc5000-798a8cdc7000 r--p 00000000 00:31 23243865                   /usr/lib/jvm/java-21-openjdk-amd64/lib/libjimage.so
798a8cdc7000-798a8cdca000 r-xp 00002000 00:31 23243865                   /usr/lib/jvm/java-21-openjdk-amd64/lib/libjimage.so
798a8cdca000-798a8cdcb000 r--p 00005000 00:31 23243865                   /usr/lib/jvm/java-21-openjdk-amd64/lib/libjimage.so
798a8cdcb000-798a8cdcc000 r--p 00006000 00:31 23243865                   /usr/lib/jvm/java-21-openjdk-amd64/lib/libjimage.so
798a8cdcc000-798a8cdcd000 rw-p 00007000 00:31 23243865                   /usr/lib/jvm/java-21-openjdk-amd64/lib/libjimage.so
798a8cdcd000-798a8cdd1000 ---p 00000000 00:00 0 
798a8cdd1000-798a8cecd000 rw-p 00000000 00:00 0 
798a8cecd000-798a8ced1000 r--p 00000000 00:31 16395731                   /usr/lib/x86_64-linux-gnu/libgcc_s.so.1
798a8ced1000-798a8cef5000 r-xp 00004000 00:31 16395731                   /usr/lib/x86_64-linux-gnu/libgcc_s.so.1
798a8cef5000-798a8cef9000 r--p 00028000 00:31 16395731                   /usr/lib/x86_64-linux-gnu/libgcc_s.so.1
798a8cef9000-798a8cefa000 r--p 0002b000 00:31 16395731                   /usr/lib/x86_64-linux-gnu/libgcc_s.so.1
798a8cefa000-798a8cefb000 rw-p 0002c000 00:31 16395731                   /usr/lib/x86_64-linux-gnu/libgcc_s.so.1
798a8cefb000-798a8cf0b000 r--p 00000000 00:31 16395898                   /usr/lib/x86_64-linux-gnu/libm.so.6
798a8cf0b000-798a8cf8a000 r-xp 00010000 00:31 16395898                   /usr/lib/x86_64-linux-gnu/libm.so.6
798a8cf8a000-798a8cfe2000 r--p 0008f000 00:31 16395898                   /usr/lib/x86_64-linux-gnu/libm.so.6
798a8cfe2000-798a8cfe3000 r--p 000e7000 00:31 16395898                   /usr/lib/x86_64-linux-gnu/libm.so.6
798a8cfe3000-798a8cfe4000 rw-p 000e8000 00:31 16395898                   /usr/lib/x86_64-linux-gnu/libm.so.6
798a8cfe4000-798a8d081000 r--p 00000000 00:31 16421414                   /usr/lib/x86_64-linux-gnu/libstdc++.so.6.0.33
798a8d081000-798a8d1c9000 r-xp 0009d000 00:31 16421414                   /usr/lib/x86_64-linux-gnu/libstdc++.so.6.0.33
798a8d1c9000-798a8d250000 r--p 001e5000 00:31 16421414                   /usr/lib/x86_64-linux-gnu/libstdc++.so.6.0.33
798a8d250000-798a8d25b000 r--p 0026b000 00:31 16421414                   /usr/lib/x86_64-linux-gnu/libstdc++.so.6.0.33
798a8d25b000-798a8d25e000 rw-p 00276000 00:31 16421414                   /usr/lib/x86_64-linux-gnu/libstdc++.so.6.0.33
798a8d25e000-798a8d262000 rw-p 00000000 00:00 0 
798a8d262000-798a8d505000 r--p 00000000 00:31 23243897                   /usr/lib/jvm/java-21-openjdk-amd64/lib/server/libjvm.so
798a8d505000-798a8e381000 r-xp 002a3000 00:31 23243897                   /usr/lib/jvm/java-21-openjdk-amd64/lib/server/libjvm.so
798a8e381000-798a8e65c000 r--p 0111f000 00:31 23243897                   /usr/lib/jvm/java-21-openjdk-amd64/lib/server/libjvm.so
798a8e65c000-798a8e730000 r--p 013f9000 00:31 23243897                   /usr/lib/jvm/java-21-openjdk-amd64/lib/server/libjvm.so
798a8e730000-798a8e760000 rw-p 014cd000 00:31 23243897                   /usr/lib/jvm/java-21-openjdk-amd64/lib/server/libjvm.so
798a8e760000-798a8e7c8000 rw-p 00000000 00:00 0 
798a8e7c8000-798a8e7f0000 r--p 00000000 00:31 16395516                   /usr/lib/x86_64-linux-gnu/libc.so.6
798a8e7f0000-798a8e978000 r-xp 00028000 00:31 16395516                   /usr/lib/x86_64-linux-gnu/libc.so.6
798a8e978000-798a8e9c7000 r--p 001b0000 00:31 16395516                   /usr/lib/x86_64-linux-gnu/libc.so.6
798a8e9c7000-798a8e9cb000 r--p 001fe000 00:31 16395516                   /usr/lib/x86_64-linux-gnu/libc.so.6
798a8e9cb000-798a8e9cd000 rw-p 00202000 00:31 16395516                   /usr/lib/x86_64-linux-gnu/libc.so.6
798a8e9cd000-798a8e9da000 rw-p 00000000 00:00 0 
798a8e9da000-798a8e9dc000 r--p 00000000 00:31 23243866                   /usr/lib/jvm/java-21-openjdk-amd64/lib/libjli.so
798a8e9dc000-798a8e9e6000 r-xp 00002000 00:31 23243866                   /usr/lib/jvm/java-21-openjdk-amd64/lib/libjli.so
798a8e9e6000-798a8e9e9000 r--p 0000c000 00:31 23243866                   /usr/lib/jvm/java-21-openjdk-amd64/lib/libjli.so
798a8e9e9000-798a8e9ea000 r--p 0000f000 00:31 23243866                   /usr/lib/jvm/java-21-openjdk-amd64/lib/libjli.so
798a8e9ea000-798a8e9eb000 rw-p 00010000 00:31 23243866                   /usr/lib/jvm/java-21-openjdk-amd64/lib/libjli.so
798a8e9eb000-798a8e9ed000 r--p 00000000 00:31 16422354                   /usr/lib/x86_64-linux-gnu/libz.so.1.3
798a8e9ed000-798a8e9ff000 r-xp 00002000 00:31 16422354                   /usr/lib/x86_64-linux-gnu/libz.so.1.3
798a8e9ff000-798a8ea05000 r--p 00014000 00:31 16422354                   /usr/lib/x86_64-linux-gnu/libz.so.1.3
798a8ea05000-798a8ea06000 r--p 0001a000 00:31 16422354                   /usr/lib/x86_64-linux-gnu/libz.so.1.3
798a8ea06000-798a8ea07000 rw-p 0001b000 00:31 16422354                   /usr/lib/x86_64-linux-gnu/libz.so.1.3
798a8ea08000-798a8ea09000 ---p 00000000 00:00 0 
798a8ea09000-798a8ea0b000 rw-p 00000000 00:00 0 
798a8ea0b000-798a8ea0f000 r--p 00000000 00:00 0                          [vvar]
798a8ea0f000-798a8ea11000 r--p 00000000 00:00 0                          [vvar_vclock]
798a8ea11000-798a8ea13000 r-xp 00000000 00:00 0                          [vdso]
798a8ea13000-798a8ea14000 r--p 00000000 00:31 16395345                   /usr/lib/x86_64-linux-gnu/ld-linux-x86-64.so.2
798a8ea14000-798a8ea3f000 r-xp 00001000 00:31 16395345                   /usr/lib/x86_64-linux-gnu/ld-linux-x86-64.so.2
798a8ea3f000-798a8ea49000 r--p 0002c000 00:31 16395345                   /usr/lib/x86_64-linux-gnu/ld-linux-x86-64.so.2
798a8ea49000-798a8ea4b000 r--p 00036000 00:31 16395345                   /usr/lib/x86_64-linux-gnu/ld-linux-x86-64.so.2
798a8ea4b000-798a8ea4d000 rw-p 00038000 00:31 16395345                   /usr/lib/x86_64-linux-gnu/ld-linux-x86-64.so.2
7ffcad1ae000-7ffcad1cf000 rw-p 00000000 00:00 0                          [stack]
ffffffffff600000-ffffffffff601000 --xp 00000000 00:00 0                  [vsyscall]
Total number of mappings: 104

JVMTI agents: none


VM Arguments:
jvm_args: -Xms96g -Xmx96g -XX:+UseG1GC -XX:G1HeapRegionSize=32m -XX:ActiveProcessorCount=64 --add-modules=jdk.incubator.vector -Djava.io.tmpdir=/bench/data/bench-results/20260911T133915.162632+0000/lmcg_memory-mem128-ooc-bs1000/java-tmp 
java_command: /opt/systemds/SystemDS.jar -f /workspace/advanced_ooc_benchmarks/lmcg/systemds.dml -exec singlenode -config /bench/data/bench-results/20260911T133915.162632+0000/lmcg_memory-mem128-ooc-bs1000/SystemDS-config.xml -ooc -oocStats -stats -args /bench/data/bench-data/dense-d32/systemds/X-bs1000 /bench/data/bench-data/dense-d32/systemds/binary_y-bs1000 1e-7 10 0.0 /bench/data/bench-results/20260911T133915.162632+0000/lmcg_memory-mem128-ooc-bs1000/outputs/systemds-beta-r1
java_class_path (initial): /opt/systemds/SystemDS.jar
Launcher Type: SUN_STANDARD

[Global flags]
      int ActiveProcessorCount                     = 64                                        {product} {command line}
     intx CICompilerCount                          = 18                                        {product} {ergonomic}
     uint ConcGCThreads                            = 11                                        {product} {ergonomic}
     uint G1ConcRefinementThreads                  = 43                                        {product} {ergonomic}
   size_t G1HeapRegionSize                         = 33554432                                  {product} {command line}
    uintx GCDrainStackTargetSize                   = 64                                        {product} {ergonomic}
   size_t InitialHeapSize                          = 103079215104                              {product} {command line}
   size_t MarkStackSize                            = 4194304                                   {product} {ergonomic}
   size_t MaxHeapSize                              = 103079215104                              {product} {command line}
   size_t MinHeapDeltaBytes                        = 33554432                                  {product} {ergonomic}
   size_t MinHeapSize                              = 103079215104                              {product} {command line}
    uintx NonNMethodCodeHeapSize                   = 8782280                                {pd product} {ergonomic}
    uintx NonProfiledCodeHeapSize                  = 121437980                              {pd product} {ergonomic}
    uintx ProfiledCodeHeapSize                     = 121437980                              {pd product} {ergonomic}
    uintx ReservedCodeCacheSize                    = 251658240                              {pd product} {ergonomic}
     bool SegmentedCodeCache                       = true                                      {product} {ergonomic}
   size_t SoftMaxHeapSize                          = 103079215104                           {manageable} {ergonomic}
     bool UseG1GC                                  = true                                      {product} {command line}

Logging:
Log output configuration:
 #0: stdout all=warning uptime,level,tags foldmultilines=false
 #1: stderr all=off uptime,level,tags foldmultilines=false

Release file:
<release file has not been read>
Environment Variables:
JAVA_HOME=/usr/lib/jvm/java-21-openjdk-amd64
PATH=/usr/local/sbin:/usr/local/bin:/usr/sbin:/usr/bin:/sbin:/bin
LANG=C.UTF-8

Active Locale:
LC_ALL=C
LC_COLLATE=C
LC_CTYPE=C
LC_MESSAGES=C
LC_MONETARY=C
LC_NUMERIC=C
LC_TIME=C

Signal Handlers:
   SIGSEGV: crash_handler in libjvm.so, mask=11100100010111111101111111111110, flags=SA_RESTART|SA_SIGINFO, unblocked
    SIGBUS: crash_handler in libjvm.so, mask=11100100010111111101111111111110, flags=SA_RESTART|SA_SIGINFO, unblocked
    SIGFPE: crash_handler in libjvm.so, mask=11100100010111111101111111111110, flags=SA_RESTART|SA_SIGINFO, unblocked
   SIGPIPE: javaSignalHandler in libjvm.so, mask=11100100010111111101111111111110, flags=SA_RESTART|SA_SIGINFO, blocked
   SIGXFSZ: javaSignalHandler in libjvm.so, mask=11100100010111111101111111111110, flags=SA_RESTART|SA_SIGINFO, blocked
    SIGILL: crash_handler in libjvm.so, mask=11100100010111111101111111111110, flags=SA_RESTART|SA_SIGINFO, unblocked
   SIGUSR2: SR_handler in libjvm.so, mask=00000000000000000000000000000000, flags=SA_RESTART|SA_SIGINFO, blocked
    SIGHUP: SIG_DFL, mask=00000000000000000000000000000000, flags=none, blocked
    SIGINT: SIG_DFL, mask=00000000000000000000000000000000, flags=none, blocked
   SIGTERM: SIG_DFL, mask=00000000000000000000000000000000, flags=none, blocked
   SIGQUIT: UserHandler in libjvm.so, mask=11100100010111111101111111111110, flags=SA_RESTART|SA_SIGINFO, blocked
   SIGTRAP: crash_handler in libjvm.so, mask=11100100010111111101111111111110, flags=SA_RESTART|SA_SIGINFO, unblocked


Periodic native trim disabled

---------------  S Y S T E M  ---------------

OS:
DISTRIB_ID=Ubuntu
DISTRIB_RELEASE=24.04
DISTRIB_CODENAME=noble
DISTRIB_DESCRIPTION="Ubuntu 24.04.4 LTS"
uname: Linux 7.0.0-31-generic #31~24.04.1-Ubuntu SMP PREEMPT_DYNAMIC Mon Aug 10 09:38:02 UTC 2 x86_64
OS uptime: 0 days 5:10 hours
libc: glibc 2.39 NPTL 2.39 
rlimit (soft/hard): STACK 8192k/infinity , CORE infinity/infinity , NPROC infinity/infinity , NOFILE 524288/524288 , AS infinity/infinity , CPU infinity/infinity , DATA infinity/infinity , FSIZE infinity/infinity , MEMLOCK 8192k/8192k
load average: 28.77 26.75 17.61

/proc/meminfo:
MemTotal:       32344084 kB
MemFree:        23649068 kB
MemAvailable:   24051284 kB
Buffers:           12656 kB
Cached:          2225104 kB
SwapCached:        92472 kB
Active:          3086648 kB
Inactive:        3564348 kB
Active(anon):    2806240 kB
Inactive(anon):  2997876 kB
Active(file):     280408 kB
Inactive(file):   566472 kB
Unevictable:      200672 kB
Mlocked:              88 kB
SwapTotal:       8388604 kB
SwapFree:        3144184 kB
Zswap:                 0 kB
Zswapped:              0 kB
Dirty:               900 kB
Writeback:             4 kB
AnonPages:       4539108 kB
Mapped:           823412 kB
Shmem:           1430952 kB
KReclaimable:     187564 kB
Slab:             651156 kB
SReclaimable:     187564 kB
SUnreclaim:       463592 kB
KernelStack:       44400 kB
PageTables:       130572 kB
SecPageTables:      9268 kB
NFS_Unstable:          0 kB
Bounce:                0 kB
WritebackTmp:          0 kB
CommitLimit:    24560644 kB
Committed_AS:   49926128 kB
VmallocTotal:   34359738367 kB
VmallocUsed:      150700 kB
VmallocChunk:          0 kB
Percpu:            32928 kB
HardwareCorrupted:     0 kB
AnonHugePages:         0 kB
ShmemHugePages:   862208 kB
ShmemPmdMapped:        0 kB
FileHugePages:         0 kB
FilePmdMapped:         0 kB
CmaTotal:              0 kB
CmaFree:         2273580 kB
Unaccepted:            0 kB
Balloon:               0 kB
HugePages_Total:       0
HugePages_Free:        0
HugePages_Rsvd:        0
HugePages_Surp:        0
Hugepagesize:       2048 kB
Hugetlb:               0 kB
DirectMap4k:      857280 kB
DirectMap2M:     7012352 kB
DirectMap1G:    25165824 kB

/sys/kernel/mm/transparent_hugepage/enabled: always [madvise] never
/sys/kernel/mm/transparent_hugepage/hpage_pmd_size: 2097152
/sys/kernel/mm/transparent_hugepage/defrag (defrag/compaction efforts parameter): always defer defer+madvise [madvise] never

Process Memory:
Virtual Size: 103443068K (peak: 103443068K)
Resident Set Size: 24800K (peak: 24800K) (anon: 11096K, file: 13704K, shmem: 0K)
Swapped out: 0K
C-Heap outstanding allocations: 98251K, retained: 596K
glibc malloc tunables: (default)

/proc/sys/kernel/threads-max (system-wide limit on the number of threads): 229379
/proc/sys/vm/max_map_count (maximum number of memory map areas a process may have): 1048576
/proc/sys/vm/swappiness (control to define how aggressively the kernel swaps out anonymous memory): 60
/proc/sys/kernel/pid_max (system-wide limit on number of process identifiers): 4194304

container (cgroup) information:
container_type: cgroupv2
cpu_cpuset_cpus: not supported
cpu_memory_nodes: not supported
active_processor_count: 22, but overridden by -XX:ActiveProcessorCount 64
cpu_quota: not supported
cpu_period: not supported
cpu_shares: not supported
cpu_usage_in_micros: 44460
memory_limit_in_bytes: 134217728 k
memory_and_swap_limit_in_bytes: 134217728 k
memory_soft_limit_in_bytes: 0
memory_throttle_limit_in_bytes: unlimited
memory_usage_in_bytes: 42224 k
memory_max_usage_in_bytes: 42244 k
rss_usage_in_bytes: 11968 k
cache_usage_in_bytes: 26392 k
memory_swap_current_in_bytes: 0
memory_swap_max_limit_in_bytes: 0
maximum number of tasks: unlimited
current number of tasks: 10

Steal ticks since vm start: 0
Steal ticks percentage since vm start:  0.000

CPU: total 22 (initial active 64) (11 cores per cpu, 2 threads per core) family 6 model 170 stepping 4 microcode 0x28, cx8, cmov, fxsr, ht, mmx, 3dnowpref, sse, sse2, sse3, ssse3, sse4.1, sse4.2, popcnt, lzcnt, tsc, tscinvbit, avx, avx2, aes, erms, clmul, bmi1, bmi2, adx, sha, fma, vzeroupper, clflush, clflushopt, clwb, serialize, rdtscp, rdpid, fsrm, f16c, pku, ospke, cet_ibt, cet_ss
CPU Model and flags from /proc/cpuinfo:
model name	: Intel(R) Core(TM) Ultra 7 155H
flags		: fpu vme de pse tsc msr pae mce cx8 apic sep mtrr pge mca cmov pat pse36 clflush dts acpi mmx fxsr sse sse2 ss ht tm pbe syscall nx pdpe1gb rdtscp lm constant_tsc art arch_perfmon pebs bts rep_good nopl xtopology nonstop_tsc cpuid aperfmperf tsc_known_freq pni pclmulqdq dtes64 monitor ds_cpl vmx smx est tm2 ssse3 sdbg fma cx16 xtpr pdcm pcid sse4_1 sse4_2 x2apic movbe popcnt tsc_deadline_timer aes xsave avx f16c rdrand lahf_lm abm 3dnowprefetch cpuid_fault epb ssbd ibrs ibpb stibp ibrs_enhanced tpr_shadow flexpriority ept vpid ept_ad fsgsbase tsc_adjust bmi1 avx2 smep bmi2 erms invpcid rdseed adx smap clflushopt clwb intel_pt sha_ni xsaveopt xsavec xgetbv1 xsaves split_lock_detect user_shstk avx_vnni dtherm ida arat pln pts hwp hwp_notify hwp_act_window hwp_epp hwp_pkg_req hfi vnmi umip pku ospke waitpkg gfni vaes vpclmulqdq rdpid bus_lock_detect movdiri movdir64b fsrm md_clear serialize arch_lbr ibt flush_l1d arch_capabilities

Online cpus: 0-21
Offline cpus: 
BIOS frequency limitation: <Not Available>
Frequency switch latency (ns): 0
Available cpu frequencies: <Not Available>
Current governor: powersave
Core performance/turbo boost: <Not Available>

Memory: 4k page, physical 134217728k(134175524k free), swap 8388604k(3144200k free)
Page Sizes: 4k

vm_info: OpenJDK 64-Bit Server VM (21.0.12+8-1-24.04-Ubuntu) for linux-amd64 JRE (21.0.12+8-1-24.04-Ubuntu), built on 2026-07-23T13:39:58Z by "buildd" with gcc 13.3.0

END.
